2025-09-09 17:01:59,691 | INFO | Logging initialized. Level=INFO, File=/home/yl3427/cylab/selfCorrectionAgent/runs/BRCA_T14N03__zscot__t__mistralai_Mixtral-8x7B-Instruct-v0.1__seed42__20250909_170159.log
2025-09-09 17:01:59,691 | INFO | === RUN START === method=zscot task=t dataset=/home/yl3427/cylab/selfCorrectionAgent/per_cancer_type/BRCA_T14N03.csv model=mistralai/Mixtral-8x7B-Instruct-v0.1
2025-09-09 17:12:17,843 | ERROR | Standard json.loads failed: Expecting ',' delimiter: line 3592 column 8 (char 32464)
2025-09-09 17:12:17,843 | INFO | Attempting to parse with demjson3 as fallback.
2025-09-09 17:12:17,912 | ERROR | demjson3 fallback failed: Object literal (dictionary) is not terminated
2025-09-09 17:12:17,912 | INFO | Attempting to parse with json5 as fallback.
2025-09-09 17:12:18,562 | ERROR | json5 fallback failed: <string>:3592 Unexpected end of input at column 8
2025-09-09 17:12:18,562 | INFO | Attempting to parse with dirtyjson as fallback.
2025-09-09 17:12:18,562 | ERROR | dirtyjson fallback failed: Expecting ',' delimiter or '}': line 3592 column 8 (char 32464)
2025-09-09 17:12:18,562 | INFO | Attempting to parse with jsom as fallback.
2025-09-09 17:12:18,580 | ERROR | jsom fallback failed: Unexpected token Token('$END', '') at line 2, column 14.
Expected one of: 
	* RBRACE
	* COMMA

2025-09-09 17:12:18,580 | INFO | Attempting to repair JSON with json_repair as fallback.
2025-09-09 17:12:18,620 | INFO | json_repair successfully parsed the JSON.
2025-09-09 18:20:21,203 | ERROR | Standard json.loads failed: Expecting ',' delimiter: line 4 column 29215 (char 29455)
2025-09-09 18:20:21,203 | INFO | Attempting to parse with demjson3 as fallback.
2025-09-09 18:20:21,269 | ERROR | demjson3 fallback failed: Object literal (dictionary) is not terminated
2025-09-09 18:20:21,269 | INFO | Attempting to parse with json5 as fallback.
2025-09-09 18:20:21,902 | ERROR | json5 fallback failed: <string>:4 Unexpected end of input at column 29215
2025-09-09 18:20:21,902 | INFO | Attempting to parse with dirtyjson as fallback.
2025-09-09 18:20:21,902 | ERROR | dirtyjson fallback failed: Expecting ',' delimiter or '}': line 4 column 29215 (char 29455)
2025-09-09 18:20:21,902 | INFO | Attempting to parse with jsom as fallback.
2025-09-09 18:20:21,920 | ERROR | jsom fallback failed: Unexpected token Token('$END', '') at line 2, column 14.
Expected one of: 
	* RBRACE
	* COMMA

2025-09-09 18:20:21,920 | INFO | Attempting to repair JSON with json_repair as fallback.
2025-09-09 18:20:21,953 | INFO | json_repair successfully parsed the JSON.
2025-09-09 18:50:09,344 | ERROR | Standard json.loads failed: Expecting ',' delimiter: line 29994 column 1 (char 32165)
2025-09-09 18:50:09,344 | INFO | Attempting to parse with demjson3 as fallback.
2025-09-09 18:50:09,416 | ERROR | demjson3 fallback failed: Object literal (dictionary) is not terminated
2025-09-09 18:50:09,416 | INFO | Attempting to parse with json5 as fallback.
2025-09-09 18:50:09,714 | ERROR | json5 fallback failed: <string>:29994 Unexpected end of input at column 1
2025-09-09 18:50:09,715 | INFO | Attempting to parse with dirtyjson as fallback.
2025-09-09 18:50:09,715 | ERROR | dirtyjson fallback failed: Expecting ',' delimiter or '}': line 29994 column 1 (char 32165)
2025-09-09 18:50:09,715 | INFO | Attempting to parse with jsom as fallback.
2025-09-09 18:50:09,733 | ERROR | jsom fallback failed: Unexpected token Token('$END', '') at line 1, column 15.
Expected one of: 
	* RBRACE
	* COMMA

2025-09-09 18:50:09,733 | INFO | Attempting to repair JSON with json_repair as fallback.
2025-09-09 18:50:09,788 | INFO | json_repair successfully parsed the JSON.
2025-09-09 19:14:11,379 | ERROR | Standard json.loads failed: Expecting ',' delimiter: line 2 column 31278 (char 31279)
2025-09-09 19:14:11,379 | INFO | Attempting to parse with demjson3 as fallback.
2025-09-09 19:14:11,447 | ERROR | demjson3 fallback failed: Object literal (dictionary) is not terminated
2025-09-09 19:14:11,447 | INFO | Attempting to parse with json5 as fallback.
2025-09-09 19:14:12,103 | ERROR | json5 fallback failed: <string>:2 Unexpected end of input at column 31278
2025-09-09 19:14:12,103 | INFO | Attempting to parse with dirtyjson as fallback.
2025-09-09 19:14:12,103 | ERROR | dirtyjson fallback failed: Expecting ',' delimiter or '}': line 2 column 31278 (char 31279)
2025-09-09 19:14:12,103 | INFO | Attempting to parse with jsom as fallback.
2025-09-09 19:14:12,120 | ERROR | jsom fallback failed: Unexpected token Token('$END', '') at line 2, column 14.
Expected one of: 
	* RBRACE
	* COMMA

2025-09-09 19:14:12,120 | INFO | Attempting to repair JSON with json_repair as fallback.
2025-09-09 19:14:12,166 | INFO | json_repair successfully parsed the JSON.
2025-09-09 19:35:36,794 | INFO | Saved results to /home/yl3427/cylab/selfCorrectionAgent/runs/BRCA_T14N03__zscot__t__mistralai_Mixtral-8x7B-Instruct-v0.1__seed42__20250909_170159.csv
2025-09-09 19:35:36,794 | INFO | === RUN END === results=/home/yl3427/cylab/selfCorrectionAgent/runs/BRCA_T14N03__zscot__t__mistralai_Mixtral-8x7B-Instruct-v0.1__seed42__20250909_170159.csv
