2025-09-11 00:56:10,696 | INFO | Logging initialized. Level=INFO, File=/home/yl3427/cylab/selfCorrectionAgent/runs/CHOL_T14N03__kewltm__n__mistralai_Mixtral-8x7B-Instruct-v0.1__seed42__20250911_005610.log
2025-09-11 00:56:10,696 | INFO | === RUN START === method=kewltm task=n dataset=/home/yl3427/cylab/selfCorrectionAgent/per_cancer_type/CHOL_T14N03.csv model=mistralai/Mixtral-8x7B-Instruct-v0.1
2025-09-11 00:56:10,701 | INFO | Filtered dataset: Removed 5 rows with missing 'N03' labels.
2025-09-11 00:56:10,701 | INFO | [KEwLTM] Dynamic train_size=2 (fraction=0.050)
2025-09-11 00:56:10,727 | INFO | [KEwLTM] Inducing memory from 2 reports (threshold=80)...
2025-09-11 01:07:20,079 | ERROR | Standard json.loads failed: Expecting ',' delimiter: line 1 column 31671 (char 31670)
2025-09-11 01:07:20,079 | INFO | Attempting to parse with demjson3 as fallback.
2025-09-11 01:07:20,150 | ERROR | demjson3 fallback failed: Object literal (dictionary) is not terminated
2025-09-11 01:07:20,150 | INFO | Attempting to parse with json5 as fallback.
2025-09-11 01:07:20,824 | ERROR | json5 fallback failed: <string>:1 Unexpected end of input at column 31671
2025-09-11 01:07:20,824 | INFO | Attempting to parse with dirtyjson as fallback.
2025-09-11 01:07:20,825 | ERROR | dirtyjson fallback failed: Expecting ',' delimiter or '}': line 1 column 31671 (char 31670)
2025-09-11 01:07:20,825 | INFO | Attempting to parse with jsom as fallback.
2025-09-11 01:07:20,842 | ERROR | jsom fallback failed: Unexpected token Token('$END', '') at line 1, column 15.
Expected one of: 
	* RBRACE
	* COMMA

2025-09-11 01:07:20,842 | INFO | Attempting to repair JSON with json_repair as fallback.
2025-09-11 01:07:20,885 | INFO | json_repair successfully parsed the JSON.
2025-09-11 01:08:33,600 | INFO | [KEwLTM] Final memory length: 3
2025-09-11 01:08:33,609 | INFO | Saved results to /home/yl3427/cylab/selfCorrectionAgent/runs/CHOL_T14N03__kewltm__n__mistralai_Mixtral-8x7B-Instruct-v0.1__seed42__20250911_005610.csv
2025-09-11 01:08:33,610 | INFO | === RUN END === results=/home/yl3427/cylab/selfCorrectionAgent/runs/CHOL_T14N03__kewltm__n__mistralai_Mixtral-8x7B-Instruct-v0.1__seed42__20250911_005610.csv
