2025-09-11 05:17:55,976 | INFO | Logging initialized. Level=INFO, File=/home/yl3427/cylab/selfCorrectionAgent/runs/COAD_T14N03__kewrag__t__mistralai_Mixtral-8x7B-Instruct-v0.1__seed42__20250911_051755.log
2025-09-11 05:17:55,976 | INFO | === RUN START === method=kewrag task=t dataset=/home/yl3427/cylab/selfCorrectionAgent/per_cancer_type/COAD_T14N03.csv model=mistralai/Mixtral-8x7B-Instruct-v0.1
2025-09-11 05:17:55,992 | INFO | Filtered dataset: Removed 1 rows with missing 'T14' labels.
2025-09-11 05:17:56,008 | INFO | [KEwRAG] Generating rules from RAG excerpt...
2025-09-11 05:39:02,330 | ERROR | Standard json.loads failed: Expecting ',' delimiter: line 6472 column 1 (char 32466)
2025-09-11 05:39:02,331 | INFO | Attempting to parse with demjson3 as fallback.
2025-09-11 05:39:02,401 | ERROR | demjson3 fallback failed: Object literal (dictionary) is not terminated
2025-09-11 05:39:02,401 | INFO | Attempting to parse with json5 as fallback.
2025-09-11 05:39:03,015 | ERROR | json5 fallback failed: <string>:6472 Unexpected end of input at column 1
2025-09-11 05:39:03,015 | INFO | Attempting to parse with dirtyjson as fallback.
2025-09-11 05:39:03,015 | ERROR | dirtyjson fallback failed: Expecting ',' delimiter or '}': line 6472 column 1 (char 32466)
2025-09-11 05:39:03,015 | INFO | Attempting to parse with jsom as fallback.
2025-09-11 05:39:03,033 | ERROR | jsom fallback failed: Unexpected token Token('$END', '') at line 1, column 15.
Expected one of: 
	* RBRACE
	* COMMA

2025-09-11 05:39:03,033 | INFO | Attempting to repair JSON with json_repair as fallback.
2025-09-11 05:39:03,070 | INFO | json_repair successfully parsed the JSON.
2025-09-11 05:52:45,555 | INFO | Saved results to /home/yl3427/cylab/selfCorrectionAgent/runs/COAD_T14N03__kewrag__t__mistralai_Mixtral-8x7B-Instruct-v0.1__seed42__20250911_051755.csv
2025-09-11 05:52:45,555 | INFO | === RUN END === results=/home/yl3427/cylab/selfCorrectionAgent/runs/COAD_T14N03__kewrag__t__mistralai_Mixtral-8x7B-Instruct-v0.1__seed42__20250911_051755.csv
