2025-09-11 09:51:03,318 | INFO | Logging initialized. Level=INFO, File=/home/yl3427/cylab/selfCorrectionAgent/runs/ESCA_T14N03__kewltm__t__mistralai_Mixtral-8x7B-Instruct-v0.1__seed42__20250911_095103.log
2025-09-11 09:51:03,318 | INFO | === RUN START === method=kewltm task=t dataset=/home/yl3427/cylab/selfCorrectionAgent/per_cancer_type/ESCA_T14N03.csv model=mistralai/Mixtral-8x7B-Instruct-v0.1
2025-09-11 09:51:03,325 | INFO | Filtered dataset: Removed 1 rows with missing 'T14' labels.
2025-09-11 09:51:03,325 | INFO | [KEwLTM] Dynamic train_size=6 (fraction=0.050)
2025-09-11 09:51:03,343 | INFO | [KEwLTM] Inducing memory from 6 reports (threshold=80)...
2025-09-11 10:01:25,202 | ERROR | Standard json.loads failed: Expecting value: line 22444 column 1 (char 32126)
2025-09-11 10:01:25,203 | INFO | Attempting to parse with demjson3 as fallback.
2025-09-11 10:01:25,276 | ERROR | demjson3 fallback failed: Unexpected end of input
2025-09-11 10:01:25,276 | INFO | Attempting to parse with json5 as fallback.
2025-09-11 10:01:25,483 | ERROR | json5 fallback failed: <string>:22444 Unexpected end of input at column 1
2025-09-11 10:01:25,483 | INFO | Attempting to parse with dirtyjson as fallback.
2025-09-11 10:01:25,483 | ERROR | dirtyjson fallback failed: Expecting value: line 22444 column 1 (char 32126)
2025-09-11 10:01:25,483 | INFO | Attempting to parse with jsom as fallback.
2025-09-11 10:01:25,505 | INFO | Attempting to repair JSON with json_repair as fallback.
2025-09-11 10:01:25,529 | INFO | json_repair successfully parsed the JSON.
2025-09-11 10:18:58,910 | ERROR | Standard json.loads failed: Expecting ':' delimiter: line 1 column 31197 (char 31196)
2025-09-11 10:18:58,911 | INFO | Attempting to parse with demjson3 as fallback.
2025-09-11 10:18:58,980 | ERROR | demjson3 fallback failed: Missing value for object property, expected ":"
2025-09-11 10:18:58,980 | INFO | Attempting to parse with json5 as fallback.
2025-09-11 10:18:59,317 | ERROR | json5 fallback failed: <string>:1 Unexpected end of input at column 31197
2025-09-11 10:18:59,317 | INFO | Attempting to parse with dirtyjson as fallback.
2025-09-11 10:18:59,317 | ERROR | dirtyjson fallback failed: Expecting ':' delimiter: line 1 column 31197 (char 31196)
2025-09-11 10:18:59,317 | INFO | Attempting to parse with jsom as fallback.
2025-09-11 10:18:59,334 | ERROR | jsom fallback failed: Unexpected token Token('$END', '') at line 1, column 439.
Expected one of: 
	* COLON

2025-09-11 10:18:59,334 | INFO | Attempting to repair JSON with json_repair as fallback.
2025-09-11 10:18:59,369 | INFO | json_repair successfully parsed the JSON.
2025-09-11 10:29:47,241 | ERROR | Standard json.loads failed: Expecting ',' delimiter: line 2 column 32049 (char 32839)
2025-09-11 10:29:47,242 | INFO | Attempting to parse with demjson3 as fallback.
2025-09-11 10:29:47,313 | ERROR | demjson3 fallback failed: Object literal (dictionary) is not terminated
2025-09-11 10:29:47,313 | INFO | Attempting to parse with json5 as fallback.
2025-09-11 10:29:48,003 | ERROR | json5 fallback failed: <string>:2 Unexpected end of input at column 32049
2025-09-11 10:29:48,003 | INFO | Attempting to parse with dirtyjson as fallback.
2025-09-11 10:29:48,003 | ERROR | dirtyjson fallback failed: Expecting ',' delimiter or '}': line 2 column 32049 (char 32839)
2025-09-11 10:29:48,003 | INFO | Attempting to parse with jsom as fallback.
2025-09-11 10:29:48,021 | ERROR | jsom fallback failed: Unexpected token Token('$END', '') at line 1, column 15.
Expected one of: 
	* RBRACE
	* COMMA

2025-09-11 10:29:48,022 | INFO | Attempting to repair JSON with json_repair as fallback.
2025-09-11 10:29:48,092 | INFO | json_repair successfully parsed the JSON.
2025-09-11 10:31:02,124 | INFO | [KEwLTM] Final memory length: 12
2025-09-11 10:31:02,150 | INFO | Saved results to /home/yl3427/cylab/selfCorrectionAgent/runs/ESCA_T14N03__kewltm__t__mistralai_Mixtral-8x7B-Instruct-v0.1__seed42__20250911_095103.csv
2025-09-11 10:31:02,150 | INFO | === RUN END === results=/home/yl3427/cylab/selfCorrectionAgent/runs/ESCA_T14N03__kewltm__t__mistralai_Mixtral-8x7B-Instruct-v0.1__seed42__20250911_095103.csv
