2025-09-12 00:16:46,717 | INFO | Logging initialized. Level=INFO, File=/home/yl3427/cylab/selfCorrectionAgent/runs/KICH_T14N03__kewltm__t__mistralai_Mixtral-8x7B-Instruct-v0.1__seed42__20250912_001646.log
2025-09-12 00:16:46,718 | INFO | === RUN START === method=kewltm task=t dataset=/home/yl3427/cylab/selfCorrectionAgent/per_cancer_type/KICH_T14N03.csv model=mistralai/Mixtral-8x7B-Instruct-v0.1
2025-09-12 00:16:46,722 | INFO | [KEwLTM] Dynamic train_size=6 (fraction=0.050)
2025-09-12 00:16:46,737 | INFO | [KEwLTM] Inducing memory from 6 reports (threshold=80)...
2025-09-12 00:37:11,772 | ERROR | Standard json.loads failed: Expecting ',' delimiter: line 1 column 32217 (char 32216)
2025-09-12 00:37:11,772 | INFO | Attempting to parse with demjson3 as fallback.
2025-09-12 00:37:11,844 | ERROR | demjson3 fallback failed: Object literal (dictionary) is not terminated
2025-09-12 00:37:11,844 | INFO | Attempting to parse with json5 as fallback.
2025-09-12 00:37:12,524 | ERROR | json5 fallback failed: <string>:1 Unexpected end of input at column 32217
2025-09-12 00:37:12,524 | INFO | Attempting to parse with dirtyjson as fallback.
2025-09-12 00:37:12,524 | ERROR | dirtyjson fallback failed: Expecting ',' delimiter or '}': line 1 column 32217 (char 32216)
2025-09-12 00:37:12,524 | INFO | Attempting to parse with jsom as fallback.
2025-09-12 00:37:12,542 | ERROR | jsom fallback failed: Unexpected token Token('$END', '') at line 1, column 15.
Expected one of: 
	* RBRACE
	* COMMA

2025-09-12 00:37:12,542 | INFO | Attempting to repair JSON with json_repair as fallback.
2025-09-12 00:37:12,666 | INFO | json_repair successfully parsed the JSON.
2025-09-12 00:38:16,417 | INFO | [KEwLTM] Final memory length: 8
2025-09-12 00:38:16,444 | INFO | Saved results to /home/yl3427/cylab/selfCorrectionAgent/runs/KICH_T14N03__kewltm__t__mistralai_Mixtral-8x7B-Instruct-v0.1__seed42__20250912_001646.csv
2025-09-12 00:38:16,444 | INFO | === RUN END === results=/home/yl3427/cylab/selfCorrectionAgent/runs/KICH_T14N03__kewltm__t__mistralai_Mixtral-8x7B-Instruct-v0.1__seed42__20250912_001646.csv
