2025-09-12 14:57:30,106 | INFO | Logging initialized. Level=INFO, File=/home/yl3427/cylab/selfCorrectionAgent/runs/KIRC_T14N03__rag__n__mistralai_Mixtral-8x7B-Instruct-v0.1__seed42__20250912_145730.log
2025-09-12 14:57:30,106 | INFO | === RUN START === method=rag task=n dataset=/home/yl3427/cylab/selfCorrectionAgent/per_cancer_type/KIRC_T14N03.csv model=mistralai/Mixtral-8x7B-Instruct-v0.1
2025-09-12 14:57:30,129 | INFO | Filtered dataset: Removed 274 rows with missing 'N03' labels.
2025-09-12 15:15:53,933 | ERROR | Standard json.loads failed: Expecting ',' delimiter: line 26435 column 2 (char 29387)
2025-09-12 15:15:53,933 | INFO | Attempting to parse with demjson3 as fallback.
2025-09-12 15:15:54,000 | ERROR | demjson3 fallback failed: Object literal (dictionary) is not terminated
2025-09-12 15:15:54,000 | INFO | Attempting to parse with json5 as fallback.
2025-09-12 15:15:54,266 | ERROR | json5 fallback failed: <string>:26435 Unexpected end of input at column 2
2025-09-12 15:15:54,266 | INFO | Attempting to parse with dirtyjson as fallback.
2025-09-12 15:15:54,266 | ERROR | dirtyjson fallback failed: Expecting ',' delimiter or '}': line 26435 column 2 (char 29387)
2025-09-12 15:15:54,266 | INFO | Attempting to parse with jsom as fallback.
2025-09-12 15:15:54,284 | ERROR | jsom fallback failed: Unexpected token Token('$END', '') at line 2, column 14.
Expected one of: 
	* RBRACE
	* COMMA

2025-09-12 15:15:54,284 | INFO | Attempting to repair JSON with json_repair as fallback.
2025-09-12 15:15:54,317 | INFO | json_repair successfully parsed the JSON.
2025-09-12 15:25:19,664 | ERROR | Standard json.loads failed: Expecting ',' delimiter: line 5 column 29283 (char 29385)
2025-09-12 15:25:19,664 | INFO | Attempting to parse with demjson3 as fallback.
2025-09-12 15:25:19,730 | ERROR | demjson3 fallback failed: Object literal (dictionary) is not terminated
2025-09-12 15:25:19,731 | INFO | Attempting to parse with json5 as fallback.
2025-09-12 15:25:20,359 | ERROR | json5 fallback failed: <string>:5 Unexpected end of input at column 29283
2025-09-12 15:25:20,359 | INFO | Attempting to parse with dirtyjson as fallback.
2025-09-12 15:25:20,359 | ERROR | dirtyjson fallback failed: Expecting ',' delimiter or '}': line 5 column 29283 (char 29385)
2025-09-12 15:25:20,359 | INFO | Attempting to parse with jsom as fallback.
2025-09-12 15:25:20,376 | ERROR | jsom fallback failed: Unexpected token Token('$END', '') at line 2, column 14.
Expected one of: 
	* RBRACE
	* COMMA

2025-09-12 15:25:20,377 | INFO | Attempting to repair JSON with json_repair as fallback.
2025-09-12 15:25:20,410 | INFO | json_repair successfully parsed the JSON.
2025-09-12 15:39:08,725 | INFO | Saved results to /home/yl3427/cylab/selfCorrectionAgent/runs/KIRC_T14N03__rag__n__mistralai_Mixtral-8x7B-Instruct-v0.1__seed42__20250912_145730.csv
2025-09-12 15:39:08,725 | INFO | === RUN END === results=/home/yl3427/cylab/selfCorrectionAgent/runs/KIRC_T14N03__rag__n__mistralai_Mixtral-8x7B-Instruct-v0.1__seed42__20250912_145730.csv
