2025-09-12 13:18:48,793 | INFO | Logging initialized. Level=INFO, File=/home/yl3427/cylab/selfCorrectionAgent/runs/KIRC_T14N03__kewltm__n__mistralai_Mixtral-8x7B-Instruct-v0.1__seed42__20250912_131848.log
2025-09-12 13:18:48,793 | INFO | === RUN START === method=kewltm task=n dataset=/home/yl3427/cylab/selfCorrectionAgent/per_cancer_type/KIRC_T14N03.csv model=mistralai/Mixtral-8x7B-Instruct-v0.1
2025-09-12 13:18:48,807 | INFO | Filtered dataset: Removed 274 rows with missing 'N03' labels.
2025-09-12 13:18:48,807 | INFO | [KEwLTM] Dynamic train_size=13 (fraction=0.050)
2025-09-12 13:18:48,821 | INFO | [KEwLTM] Inducing memory from 13 reports (threshold=80)...
2025-09-12 13:30:44,628 | ERROR | Standard json.loads failed: Expecting ':' delimiter: line 1 column 32238 (char 32237)
2025-09-12 13:30:44,628 | INFO | Attempting to parse with demjson3 as fallback.
2025-09-12 13:30:44,698 | ERROR | demjson3 fallback failed: Missing value for object property, expected ":"
2025-09-12 13:30:44,698 | INFO | Attempting to parse with json5 as fallback.
2025-09-12 13:30:45,043 | ERROR | json5 fallback failed: <string>:1 Unexpected end of input at column 32238
2025-09-12 13:30:45,043 | INFO | Attempting to parse with dirtyjson as fallback.
2025-09-12 13:30:45,043 | ERROR | dirtyjson fallback failed: Expecting ':' delimiter: line 1 column 32238 (char 32237)
2025-09-12 13:30:45,043 | INFO | Attempting to parse with jsom as fallback.
2025-09-12 13:30:45,061 | ERROR | jsom fallback failed: Unexpected token Token('$END', '') at line 1, column 235.
Expected one of: 
	* COLON

2025-09-12 13:30:45,061 | INFO | Attempting to repair JSON with json_repair as fallback.
2025-09-12 13:30:45,097 | INFO | json_repair successfully parsed the JSON.
2025-09-12 13:48:52,382 | ERROR | Standard json.loads failed: Expecting ',' delimiter: line 1 column 32768 (char 32767)
2025-09-12 13:48:52,382 | INFO | Attempting to parse with demjson3 as fallback.
2025-09-12 13:48:52,455 | ERROR | demjson3 fallback failed: Object literal (dictionary) is not terminated
2025-09-12 13:48:52,455 | INFO | Attempting to parse with json5 as fallback.
2025-09-12 13:48:53,146 | ERROR | json5 fallback failed: <string>:1 Unexpected end of input at column 32768
2025-09-12 13:48:53,147 | INFO | Attempting to parse with dirtyjson as fallback.
2025-09-12 13:48:53,147 | ERROR | dirtyjson fallback failed: Expecting ',' delimiter or '}': line 1 column 32768 (char 32767)
2025-09-12 13:48:53,147 | INFO | Attempting to parse with jsom as fallback.
2025-09-12 13:48:53,165 | ERROR | jsom fallback failed: Unexpected token Token('$END', '') at line 1, column 15.
Expected one of: 
	* RBRACE
	* COMMA

2025-09-12 13:48:53,165 | INFO | Attempting to repair JSON with json_repair as fallback.
2025-09-12 13:48:53,231 | INFO | json_repair successfully parsed the JSON.
2025-09-12 13:59:11,681 | ERROR | Standard json.loads failed: Expecting ':' delimiter: line 1 column 31781 (char 31780)
2025-09-12 13:59:11,682 | INFO | Attempting to parse with demjson3 as fallback.
2025-09-12 13:59:11,752 | ERROR | demjson3 fallback failed: Missing value for object property, expected ":"
2025-09-12 13:59:11,752 | INFO | Attempting to parse with json5 as fallback.
2025-09-12 13:59:12,089 | ERROR | json5 fallback failed: <string>:1 Unexpected end of input at column 31781
2025-09-12 13:59:12,089 | INFO | Attempting to parse with dirtyjson as fallback.
2025-09-12 13:59:12,089 | ERROR | dirtyjson fallback failed: Expecting ':' delimiter: line 1 column 31781 (char 31780)
2025-09-12 13:59:12,089 | INFO | Attempting to parse with jsom as fallback.
2025-09-12 13:59:12,107 | ERROR | jsom fallback failed: Unexpected token Token('$END', '') at line 1, column 677.
Expected one of: 
	* COLON

2025-09-12 13:59:12,107 | INFO | Attempting to repair JSON with json_repair as fallback.
2025-09-12 13:59:12,142 | INFO | json_repair successfully parsed the JSON.
2025-09-12 14:09:36,790 | ERROR | Standard json.loads failed: Expecting ',' delimiter: line 1 column 31556 (char 31555)
2025-09-12 14:09:36,790 | INFO | Attempting to parse with demjson3 as fallback.
2025-09-12 14:09:36,861 | ERROR | demjson3 fallback failed: Object literal (dictionary) is not terminated
2025-09-12 14:09:36,861 | INFO | Attempting to parse with json5 as fallback.
2025-09-12 14:09:37,538 | ERROR | json5 fallback failed: <string>:1 Unexpected end of input at column 31556
2025-09-12 14:09:37,538 | INFO | Attempting to parse with dirtyjson as fallback.
2025-09-12 14:09:37,539 | ERROR | dirtyjson fallback failed: Expecting ',' delimiter or '}': line 1 column 31556 (char 31555)
2025-09-12 14:09:37,539 | INFO | Attempting to parse with jsom as fallback.
2025-09-12 14:09:37,556 | ERROR | jsom fallback failed: Unexpected token Token('$END', '') at line 1, column 15.
Expected one of: 
	* RBRACE
	* COMMA

2025-09-12 14:09:37,556 | INFO | Attempting to repair JSON with json_repair as fallback.
2025-09-12 14:09:37,602 | INFO | json_repair successfully parsed the JSON.
2025-09-12 14:17:29,839 | INFO | [KEwLTM] Final memory length: 5
2025-09-12 14:17:29,885 | INFO | Saved results to /home/yl3427/cylab/selfCorrectionAgent/runs/KIRC_T14N03__kewltm__n__mistralai_Mixtral-8x7B-Instruct-v0.1__seed42__20250912_131848.csv
2025-09-12 14:17:29,886 | INFO | === RUN END === results=/home/yl3427/cylab/selfCorrectionAgent/runs/KIRC_T14N03__kewltm__n__mistralai_Mixtral-8x7B-Instruct-v0.1__seed42__20250912_131848.csv
