2025-09-13 10:08:50,409 | INFO | Logging initialized. Level=INFO, File=/home/yl3427/cylab/selfCorrectionAgent/runs/LUAD_T14N03__rag__t__mistralai_Mixtral-8x7B-Instruct-v0.1__seed42__20250913_100850.log
2025-09-13 10:08:50,409 | INFO | === RUN START === method=rag task=t dataset=/home/yl3427/cylab/selfCorrectionAgent/per_cancer_type/LUAD_T14N03.csv model=mistralai/Mixtral-8x7B-Instruct-v0.1
2025-09-13 10:26:33,242 | ERROR | Standard json.loads failed: Expecting ',' delimiter: line 3 column 29235 (char 29333)
2025-09-13 10:26:33,242 | INFO | Attempting to parse with demjson3 as fallback.
2025-09-13 10:26:33,306 | ERROR | demjson3 fallback failed: Object literal (dictionary) is not terminated
2025-09-13 10:26:33,306 | INFO | Attempting to parse with json5 as fallback.
2025-09-13 10:26:33,933 | ERROR | json5 fallback failed: <string>:3 Unexpected end of input at column 29235
2025-09-13 10:26:33,933 | INFO | Attempting to parse with dirtyjson as fallback.
2025-09-13 10:26:33,933 | ERROR | dirtyjson fallback failed: Expecting ',' delimiter or '}': line 3 column 29235 (char 29333)
2025-09-13 10:26:33,933 | INFO | Attempting to parse with jsom as fallback.
2025-09-13 10:26:33,951 | ERROR | jsom fallback failed: Unexpected token Token('$END', '') at line 2, column 14.
Expected one of: 
	* RBRACE
	* COMMA

2025-09-13 10:26:33,951 | INFO | Attempting to repair JSON with json_repair as fallback.
2025-09-13 10:26:33,984 | INFO | json_repair successfully parsed the JSON.
2025-09-13 10:41:54,244 | ERROR | Standard json.loads failed: Expecting ',' delimiter: line 2 column 28702 (char 28703)
2025-09-13 10:41:54,244 | INFO | Attempting to parse with demjson3 as fallback.
2025-09-13 10:41:54,308 | ERROR | demjson3 fallback failed: Object literal (dictionary) is not terminated
2025-09-13 10:41:54,308 | INFO | Attempting to parse with json5 as fallback.
2025-09-13 10:41:54,919 | ERROR | json5 fallback failed: <string>:2 Unexpected end of input at column 28702
2025-09-13 10:41:54,919 | INFO | Attempting to parse with dirtyjson as fallback.
2025-09-13 10:41:54,919 | ERROR | dirtyjson fallback failed: Expecting ',' delimiter or '}': line 2 column 28702 (char 28703)
2025-09-13 10:41:54,919 | INFO | Attempting to parse with jsom as fallback.
2025-09-13 10:41:54,937 | ERROR | jsom fallback failed: Unexpected token Token('$END', '') at line 2, column 14.
Expected one of: 
	* RBRACE
	* COMMA

2025-09-13 10:41:54,937 | INFO | Attempting to repair JSON with json_repair as fallback.
2025-09-13 10:41:54,999 | INFO | json_repair successfully parsed the JSON.
2025-09-13 10:53:39,706 | ERROR | Standard json.loads failed: Expecting ',' delimiter: line 4 column 28709 (char 29117)
2025-09-13 10:53:39,706 | INFO | Attempting to parse with demjson3 as fallback.
2025-09-13 10:53:39,770 | ERROR | demjson3 fallback failed: Object literal (dictionary) is not terminated
2025-09-13 10:53:39,770 | INFO | Attempting to parse with json5 as fallback.
2025-09-13 10:53:40,385 | ERROR | json5 fallback failed: <string>:4 Unexpected end of input at column 28709
2025-09-13 10:53:40,385 | INFO | Attempting to parse with dirtyjson as fallback.
2025-09-13 10:53:40,386 | ERROR | dirtyjson fallback failed: Expecting ',' delimiter or '}': line 4 column 28709 (char 29117)
2025-09-13 10:53:40,386 | INFO | Attempting to parse with jsom as fallback.
2025-09-13 10:53:40,403 | ERROR | jsom fallback failed: Unexpected token Token('$END', '') at line 2, column 14.
Expected one of: 
	* RBRACE
	* COMMA

2025-09-13 10:53:40,403 | INFO | Attempting to repair JSON with json_repair as fallback.
2025-09-13 10:53:40,446 | INFO | json_repair successfully parsed the JSON.
2025-09-13 11:08:03,221 | ERROR | Standard json.loads failed: Expecting ',' delimiter: line 4 column 28259 (char 28465)
2025-09-13 11:08:03,221 | INFO | Attempting to parse with demjson3 as fallback.
2025-09-13 11:08:03,285 | ERROR | demjson3 fallback failed: Object literal (dictionary) is not terminated
2025-09-13 11:08:03,285 | INFO | Attempting to parse with json5 as fallback.
2025-09-13 11:08:03,894 | ERROR | json5 fallback failed: <string>:4 Unexpected end of input at column 28259
2025-09-13 11:08:03,894 | INFO | Attempting to parse with dirtyjson as fallback.
2025-09-13 11:08:03,894 | ERROR | dirtyjson fallback failed: Expecting ',' delimiter or '}': line 4 column 28259 (char 28465)
2025-09-13 11:08:03,894 | INFO | Attempting to parse with jsom as fallback.
2025-09-13 11:08:03,911 | ERROR | jsom fallback failed: Unexpected token Token('$END', '') at line 2, column 14.
Expected one of: 
	* RBRACE
	* COMMA

2025-09-13 11:08:03,912 | INFO | Attempting to repair JSON with json_repair as fallback.
2025-09-13 11:08:03,947 | INFO | json_repair successfully parsed the JSON.
2025-09-13 11:26:56,279 | INFO | Saved results to /home/yl3427/cylab/selfCorrectionAgent/runs/LUAD_T14N03__rag__t__mistralai_Mixtral-8x7B-Instruct-v0.1__seed42__20250913_100850.csv
2025-09-13 11:26:56,279 | INFO | === RUN END === results=/home/yl3427/cylab/selfCorrectionAgent/runs/LUAD_T14N03__rag__t__mistralai_Mixtral-8x7B-Instruct-v0.1__seed42__20250913_100850.csv
