2025-09-14 07:05:26,160 | INFO | Logging initialized. Level=INFO, File=/home/yl3427/cylab/selfCorrectionAgent/runs/LUSC_T14N03__rag__n__mistralai_Mixtral-8x7B-Instruct-v0.1__seed42__20250914_070526.log
2025-09-14 07:05:26,160 | INFO | === RUN START === method=rag task=n dataset=/home/yl3427/cylab/selfCorrectionAgent/per_cancer_type/LUSC_T14N03.csv model=mistralai/Mixtral-8x7B-Instruct-v0.1
2025-09-14 07:05:26,174 | INFO | Filtered dataset: Removed 6 rows with missing 'N03' labels.
2025-09-14 07:27:46,936 | ERROR | Standard json.loads failed: Expecting ',' delimiter: line 4 column 27299 (char 27402)
2025-09-14 07:27:46,937 | INFO | Attempting to parse with demjson3 as fallback.
2025-09-14 07:27:46,998 | ERROR | demjson3 fallback failed: Object literal (dictionary) is not terminated
2025-09-14 07:27:46,998 | INFO | Attempting to parse with json5 as fallback.
2025-09-14 07:27:47,588 | ERROR | json5 fallback failed: <string>:4 Unexpected end of input at column 27299
2025-09-14 07:27:47,588 | INFO | Attempting to parse with dirtyjson as fallback.
2025-09-14 07:27:47,588 | ERROR | dirtyjson fallback failed: Expecting ',' delimiter or '}': line 4 column 27299 (char 27402)
2025-09-14 07:27:47,588 | INFO | Attempting to parse with jsom as fallback.
2025-09-14 07:27:47,606 | ERROR | jsom fallback failed: Unexpected token Token('$END', '') at line 2, column 14.
Expected one of: 
	* RBRACE
	* COMMA

2025-09-14 07:27:47,606 | INFO | Attempting to repair JSON with json_repair as fallback.
2025-09-14 07:27:47,637 | INFO | json_repair successfully parsed the JSON.
2025-09-14 07:45:44,020 | ERROR | Standard json.loads failed: Expecting ',' delimiter: line 25192 column 1 (char 27902)
2025-09-14 07:45:44,020 | INFO | Attempting to parse with demjson3 as fallback.
2025-09-14 07:45:44,086 | ERROR | demjson3 fallback failed: Object literal (dictionary) is not terminated
2025-09-14 07:45:44,086 | INFO | Attempting to parse with json5 as fallback.
2025-09-14 07:45:44,344 | ERROR | json5 fallback failed: <string>:25192 Unexpected end of input at column 1
2025-09-14 07:45:44,344 | INFO | Attempting to parse with dirtyjson as fallback.
2025-09-14 07:45:44,344 | ERROR | dirtyjson fallback failed: Expecting ',' delimiter or '}': line 25192 column 1 (char 27902)
2025-09-14 07:45:44,344 | INFO | Attempting to parse with jsom as fallback.
2025-09-14 07:45:44,362 | ERROR | jsom fallback failed: Unexpected token Token('$END', '') at line 1, column 15.
Expected one of: 
	* RBRACE
	* COMMA

2025-09-14 07:45:44,362 | INFO | Attempting to repair JSON with json_repair as fallback.
2025-09-14 07:45:44,449 | INFO | json_repair successfully parsed the JSON.
2025-09-14 08:09:55,120 | INFO | Saved results to /home/yl3427/cylab/selfCorrectionAgent/runs/LUSC_T14N03__rag__n__mistralai_Mixtral-8x7B-Instruct-v0.1__seed42__20250914_070526.csv
2025-09-14 08:09:55,121 | INFO | === RUN END === results=/home/yl3427/cylab/selfCorrectionAgent/runs/LUSC_T14N03__rag__n__mistralai_Mixtral-8x7B-Instruct-v0.1__seed42__20250914_070526.csv
