2025-09-14 11:00:40,956 | INFO | Logging initialized. Level=INFO, File=/home/yl3427/cylab/selfCorrectionAgent/runs/MESO_T14N03__kewrag__t__mistralai_Mixtral-8x7B-Instruct-v0.1__seed42__20250914_110040.log
2025-09-14 11:00:40,956 | INFO | === RUN START === method=kewrag task=t dataset=/home/yl3427/cylab/selfCorrectionAgent/per_cancer_type/MESO_T14N03.csv model=mistralai/Mixtral-8x7B-Instruct-v0.1
2025-09-14 11:00:40,964 | INFO | Filtered dataset: Removed 1 rows with missing 'T14' labels.
2025-09-14 11:00:40,988 | INFO | [KEwRAG] Generating rules from RAG excerpt...
2025-09-14 11:12:19,430 | ERROR | Standard json.loads failed: Expecting ',' delimiter: line 3 column 30941 (char 31079)
2025-09-14 11:12:19,430 | INFO | Attempting to parse with demjson3 as fallback.
2025-09-14 11:12:19,498 | ERROR | demjson3 fallback failed: Object literal (dictionary) is not terminated
2025-09-14 11:12:19,498 | INFO | Attempting to parse with json5 as fallback.
2025-09-14 11:12:19,876 | ERROR | json5 fallback failed: <string>:3 Unexpected end of input at column 30941
2025-09-14 11:12:19,877 | INFO | Attempting to parse with dirtyjson as fallback.
2025-09-14 11:12:19,877 | ERROR | dirtyjson fallback failed: Expecting ',' delimiter or '}': line 3 column 30941 (char 31079)
2025-09-14 11:12:19,877 | INFO | Attempting to parse with jsom as fallback.
2025-09-14 11:12:19,895 | ERROR | jsom fallback failed: Unexpected token Token('$END', '') at line 2, column 14.
Expected one of: 
	* RBRACE
	* COMMA

2025-09-14 11:12:19,895 | INFO | Attempting to repair JSON with json_repair as fallback.
2025-09-14 11:12:19,930 | INFO | json_repair successfully parsed the JSON.
2025-09-14 11:18:22,949 | INFO | Saved results to /home/yl3427/cylab/selfCorrectionAgent/runs/MESO_T14N03__kewrag__t__mistralai_Mixtral-8x7B-Instruct-v0.1__seed42__20250914_110040.csv
2025-09-14 11:18:22,949 | INFO | === RUN END === results=/home/yl3427/cylab/selfCorrectionAgent/runs/MESO_T14N03__kewrag__t__mistralai_Mixtral-8x7B-Instruct-v0.1__seed42__20250914_110040.csv
