2025-09-14 09:20:48,068 | INFO | Logging initialized. Level=INFO, File=/home/yl3427/cylab/selfCorrectionAgent/runs/MESO_T14N03__kewltm__t__mistralai_Mixtral-8x7B-Instruct-v0.1__seed42__20250914_092048.log
2025-09-14 09:20:48,068 | INFO | === RUN START === method=kewltm task=t dataset=/home/yl3427/cylab/selfCorrectionAgent/per_cancer_type/MESO_T14N03.csv model=mistralai/Mixtral-8x7B-Instruct-v0.1
2025-09-14 09:20:48,072 | INFO | Filtered dataset: Removed 1 rows with missing 'T14' labels.
2025-09-14 09:20:48,072 | INFO | [KEwLTM] Dynamic train_size=4 (fraction=0.050)
2025-09-14 09:20:48,086 | INFO | [KEwLTM] Inducing memory from 4 reports (threshold=80)...
2025-09-14 09:30:50,834 | ERROR | Standard json.loads failed: Expecting value: line 29786 column 1 (char 32165)
2025-09-14 09:30:50,834 | INFO | Attempting to parse with demjson3 as fallback.
2025-09-14 09:30:50,898 | ERROR | demjson3 fallback failed: Unexpected end of input
2025-09-14 09:30:50,898 | INFO | Attempting to parse with json5 as fallback.
2025-09-14 09:30:51,048 | ERROR | json5 fallback failed: <string>:29786 Unexpected end of input at column 1
2025-09-14 09:30:51,048 | INFO | Attempting to parse with dirtyjson as fallback.
2025-09-14 09:30:51,048 | ERROR | dirtyjson fallback failed: Expecting value: line 29786 column 1 (char 32165)
2025-09-14 09:30:51,048 | INFO | Attempting to parse with jsom as fallback.
2025-09-14 09:30:51,070 | INFO | Attempting to repair JSON with json_repair as fallback.
2025-09-14 09:30:51,093 | INFO | json_repair successfully parsed the JSON.
2025-09-14 09:42:15,887 | ERROR | Standard json.loads failed: Expecting ',' delimiter: line 14650 column 1 (char 175893)
2025-09-14 09:42:15,887 | INFO | Attempting to parse with demjson3 as fallback.
2025-09-14 09:42:16,103 | ERROR | demjson3 fallback failed: Object literal (dictionary) is not terminated
2025-09-14 09:42:16,103 | INFO | Attempting to parse with json5 as fallback.
2025-09-14 09:42:16,675 | ERROR | json5 fallback failed: <string>:14650 Unexpected end of input at column 1
2025-09-14 09:42:16,675 | INFO | Attempting to parse with dirtyjson as fallback.
2025-09-14 09:42:16,676 | ERROR | dirtyjson fallback failed: Expecting ',' delimiter or '}': line 14650 column 1 (char 175893)
2025-09-14 09:42:16,676 | INFO | Attempting to parse with jsom as fallback.
2025-09-14 09:42:16,694 | ERROR | jsom fallback failed: Unexpected token Token('$END', '') at line 2, column 14.
Expected one of: 
	* RBRACE
	* COMMA

2025-09-14 09:42:16,694 | INFO | Attempting to repair JSON with json_repair as fallback.
2025-09-14 09:42:16,894 | INFO | json_repair successfully parsed the JSON.
2025-09-14 09:48:12,040 | INFO | [KEwLTM] Final memory length: 5
2025-09-14 09:48:12,064 | INFO | Saved results to /home/yl3427/cylab/selfCorrectionAgent/runs/MESO_T14N03__kewltm__t__mistralai_Mixtral-8x7B-Instruct-v0.1__seed42__20250914_092048.csv
2025-09-14 09:48:12,064 | INFO | === RUN END === results=/home/yl3427/cylab/selfCorrectionAgent/runs/MESO_T14N03__kewltm__t__mistralai_Mixtral-8x7B-Instruct-v0.1__seed42__20250914_092048.csv
