2025-09-14 12:05:43,301 | INFO | Logging initialized. Level=INFO, File=/home/yl3427/cylab/selfCorrectionAgent/runs/PAAD_T14N03__kewltm__t__mistralai_Mixtral-8x7B-Instruct-v0.1__seed42__20250914_120543.log
2025-09-14 12:05:43,301 | INFO | === RUN START === method=kewltm task=t dataset=/home/yl3427/cylab/selfCorrectionAgent/per_cancer_type/PAAD_T14N03.csv model=mistralai/Mixtral-8x7B-Instruct-v0.1
2025-09-14 12:05:43,316 | INFO | Filtered dataset: Removed 1 rows with missing 'T14' labels.
2025-09-14 12:05:43,317 | INFO | [KEwLTM] Dynamic train_size=9 (fraction=0.050)
2025-09-14 12:05:43,340 | INFO | [KEwLTM] Inducing memory from 9 reports (threshold=80)...
2025-09-14 12:24:23,407 | ERROR | Standard json.loads failed: Expecting ',' delimiter: line 1 column 31270 (char 31269)
2025-09-14 12:24:23,407 | INFO | Attempting to parse with demjson3 as fallback.
2025-09-14 12:24:23,476 | ERROR | demjson3 fallback failed: Object literal (dictionary) is not terminated
2025-09-14 12:24:23,476 | INFO | Attempting to parse with json5 as fallback.
2025-09-14 12:24:24,130 | ERROR | json5 fallback failed: <string>:1 Unexpected end of input at column 31270
2025-09-14 12:24:24,130 | INFO | Attempting to parse with dirtyjson as fallback.
2025-09-14 12:24:24,130 | ERROR | dirtyjson fallback failed: Expecting ',' delimiter or '}': line 1 column 31270 (char 31269)
2025-09-14 12:24:24,130 | INFO | Attempting to parse with jsom as fallback.
2025-09-14 12:24:24,148 | ERROR | jsom fallback failed: Unexpected token Token('$END', '') at line 1, column 913.
Expected one of: 
	* RBRACE
	* COMMA

2025-09-14 12:24:24,148 | INFO | Attempting to repair JSON with json_repair as fallback.
2025-09-14 12:24:24,183 | INFO | json_repair successfully parsed the JSON.
2025-09-14 12:31:19,645 | INFO | [KEwLTM] Final memory length: 8
2025-09-14 12:31:19,690 | INFO | Saved results to /home/yl3427/cylab/selfCorrectionAgent/runs/PAAD_T14N03__kewltm__t__mistralai_Mixtral-8x7B-Instruct-v0.1__seed42__20250914_120543.csv
2025-09-14 12:31:19,690 | INFO | === RUN END === results=/home/yl3427/cylab/selfCorrectionAgent/runs/PAAD_T14N03__kewltm__t__mistralai_Mixtral-8x7B-Instruct-v0.1__seed42__20250914_120543.csv
