2025-09-16 09:54:45,382 | INFO | Logging initialized. Level=INFO, File=/home/yl3427/cylab/selfCorrectionAgent/runs/STAD_T14N03__rag__n__mistralai_Mixtral-8x7B-Instruct-v0.1__seed42__20250916_095445.log
2025-09-16 09:54:45,382 | INFO | === RUN START === method=rag task=n dataset=/home/yl3427/cylab/selfCorrectionAgent/per_cancer_type/STAD_T14N03.csv model=mistralai/Mixtral-8x7B-Instruct-v0.1
2025-09-16 09:54:45,394 | INFO | Filtered dataset: Removed 13 rows with missing 'N03' labels.
2025-09-16 10:07:49,889 | ERROR | Standard json.loads failed: Expecting ',' delimiter: line 26680 column 1 (char 30292)
2025-09-16 10:07:49,889 | INFO | Attempting to parse with demjson3 as fallback.
2025-09-16 10:07:49,959 | ERROR | demjson3 fallback failed: Object literal (dictionary) is not terminated
2025-09-16 10:07:49,959 | INFO | Attempting to parse with json5 as fallback.
2025-09-16 10:07:50,233 | ERROR | json5 fallback failed: <string>:26680 Unexpected end of input at column 1
2025-09-16 10:07:50,233 | INFO | Attempting to parse with dirtyjson as fallback.
2025-09-16 10:07:50,233 | ERROR | dirtyjson fallback failed: Expecting ',' delimiter or '}': line 26680 column 1 (char 30292)
2025-09-16 10:07:50,233 | INFO | Attempting to parse with jsom as fallback.
2025-09-16 10:07:50,251 | ERROR | jsom fallback failed: Unexpected token Token('$END', '') at line 1, column 15.
Expected one of: 
	* RBRACE
	* COMMA

2025-09-16 10:07:50,251 | INFO | Attempting to repair JSON with json_repair as fallback.
2025-09-16 10:07:50,335 | INFO | json_repair successfully parsed the JSON.
2025-09-16 10:24:10,289 | ERROR | Standard json.loads failed: Expecting ',' delimiter: line 26370 column 2 (char 30825)
2025-09-16 10:24:10,290 | INFO | Attempting to parse with demjson3 as fallback.
2025-09-16 10:24:10,361 | ERROR | demjson3 fallback failed: Object literal (dictionary) is not terminated
2025-09-16 10:24:10,361 | INFO | Attempting to parse with json5 as fallback.
2025-09-16 10:24:10,644 | ERROR | json5 fallback failed: <string>:26370 Unexpected end of input at column 2
2025-09-16 10:24:10,644 | INFO | Attempting to parse with dirtyjson as fallback.
2025-09-16 10:24:10,644 | ERROR | dirtyjson fallback failed: Expecting ',' delimiter or '}': line 26370 column 2 (char 30825)
2025-09-16 10:24:10,644 | INFO | Attempting to parse with jsom as fallback.
2025-09-16 10:24:10,662 | ERROR | jsom fallback failed: Unexpected token Token('$END', '') at line 1, column 15.
Expected one of: 
	* RBRACE
	* COMMA

2025-09-16 10:24:10,662 | INFO | Attempting to repair JSON with json_repair as fallback.
2025-09-16 10:24:10,764 | INFO | json_repair successfully parsed the JSON.
2025-09-16 10:41:10,336 | INFO | Saved results to /home/yl3427/cylab/selfCorrectionAgent/runs/STAD_T14N03__rag__n__mistralai_Mixtral-8x7B-Instruct-v0.1__seed42__20250916_095445.csv
2025-09-16 10:41:10,336 | INFO | === RUN END === results=/home/yl3427/cylab/selfCorrectionAgent/runs/STAD_T14N03__rag__n__mistralai_Mixtral-8x7B-Instruct-v0.1__seed42__20250916_095445.csv
