2025-09-16 02:36:34,825 | INFO | Logging initialized. Level=INFO, File=/home/yl3427/cylab/selfCorrectionAgent/runs/STAD_T14N03__kewrag__t__mistralai_Mixtral-8x7B-Instruct-v0.1__seed42__20250916_023634.log
2025-09-16 02:36:34,826 | INFO | === RUN START === method=kewrag task=t dataset=/home/yl3427/cylab/selfCorrectionAgent/per_cancer_type/STAD_T14N03.csv model=mistralai/Mixtral-8x7B-Instruct-v0.1
2025-09-16 02:36:34,837 | INFO | Filtered dataset: Removed 5 rows with missing 'T14' labels.
2025-09-16 02:36:34,859 | INFO | [KEwRAG] Generating rules from RAG excerpt...
2025-09-16 02:53:09,048 | ERROR | Standard json.loads failed: Expecting ',' delimiter: line 8019 column 3 (char 32196)
2025-09-16 02:53:09,048 | INFO | Attempting to parse with demjson3 as fallback.
2025-09-16 02:53:09,118 | ERROR | demjson3 fallback failed: Object literal (dictionary) is not terminated
2025-09-16 02:53:09,118 | INFO | Attempting to parse with json5 as fallback.
2025-09-16 02:53:09,701 | ERROR | json5 fallback failed: <string>:8019 Unexpected end of input at column 3
2025-09-16 02:53:09,701 | INFO | Attempting to parse with dirtyjson as fallback.
2025-09-16 02:53:09,701 | ERROR | dirtyjson fallback failed: Expecting ',' delimiter or '}': line 8019 column 3 (char 32196)
2025-09-16 02:53:09,701 | INFO | Attempting to parse with jsom as fallback.
2025-09-16 02:53:09,719 | ERROR | jsom fallback failed: Unexpected token Token('$END', '') at line 2, column 14.
Expected one of: 
	* RBRACE
	* COMMA

2025-09-16 02:53:09,719 | INFO | Attempting to repair JSON with json_repair as fallback.
2025-09-16 02:53:09,754 | INFO | json_repair successfully parsed the JSON.
2025-09-16 03:05:30,192 | ERROR | Standard json.loads failed: Expecting ',' delimiter: line 3 column 32232 (char 32319)
2025-09-16 03:05:30,192 | INFO | Attempting to parse with demjson3 as fallback.
2025-09-16 03:05:30,263 | ERROR | demjson3 fallback failed: Object literal (dictionary) is not terminated
2025-09-16 03:05:30,264 | INFO | Attempting to parse with json5 as fallback.
2025-09-16 03:05:30,950 | ERROR | json5 fallback failed: <string>:3 Unexpected end of input at column 32232
2025-09-16 03:05:30,950 | INFO | Attempting to parse with dirtyjson as fallback.
2025-09-16 03:05:30,950 | ERROR | dirtyjson fallback failed: Expecting ',' delimiter or '}': line 3 column 32232 (char 32319)
2025-09-16 03:05:30,950 | INFO | Attempting to parse with jsom as fallback.
2025-09-16 03:05:30,968 | ERROR | jsom fallback failed: Unexpected token Token('$END', '') at line 2, column 14.
Expected one of: 
	* RBRACE
	* COMMA

2025-09-16 03:05:30,968 | INFO | Attempting to repair JSON with json_repair as fallback.
2025-09-16 03:05:31,002 | INFO | json_repair successfully parsed the JSON.
2025-09-16 03:26:25,705 | ERROR | Standard json.loads failed: Expecting ',' delimiter: line 30417 column 1 (char 30842)
2025-09-16 03:26:25,705 | INFO | Attempting to parse with demjson3 as fallback.
2025-09-16 03:26:25,775 | ERROR | demjson3 fallback failed: Object literal (dictionary) is not terminated
2025-09-16 03:26:25,775 | INFO | Attempting to parse with json5 as fallback.
2025-09-16 03:26:26,063 | ERROR | json5 fallback failed: <string>:30417 Unexpected end of input at column 1
2025-09-16 03:26:26,063 | INFO | Attempting to parse with dirtyjson as fallback.
2025-09-16 03:26:26,064 | ERROR | dirtyjson fallback failed: Expecting ',' delimiter or '}': line 30417 column 1 (char 30842)
2025-09-16 03:26:26,064 | INFO | Attempting to parse with jsom as fallback.
2025-09-16 03:26:26,081 | ERROR | jsom fallback failed: Unexpected token Token('$END', '') at line 2, column 14.
Expected one of: 
	* RBRACE
	* COMMA

2025-09-16 03:26:26,081 | INFO | Attempting to repair JSON with json_repair as fallback.
2025-09-16 03:26:26,118 | INFO | json_repair successfully parsed the JSON.
2025-09-16 03:41:50,298 | ERROR | Standard json.loads failed: Expecting ',' delimiter: line 7934 column 3 (char 31855)
2025-09-16 03:41:50,298 | INFO | Attempting to parse with demjson3 as fallback.
2025-09-16 03:41:50,367 | ERROR | demjson3 fallback failed: Object literal (dictionary) is not terminated
2025-09-16 03:41:50,367 | INFO | Attempting to parse with json5 as fallback.
2025-09-16 03:41:50,948 | ERROR | json5 fallback failed: <string>:7934 Unexpected end of input at column 3
2025-09-16 03:41:50,948 | INFO | Attempting to parse with dirtyjson as fallback.
2025-09-16 03:41:50,948 | ERROR | dirtyjson fallback failed: Expecting ',' delimiter or '}': line 7934 column 3 (char 31855)
2025-09-16 03:41:50,948 | INFO | Attempting to parse with jsom as fallback.
2025-09-16 03:41:50,966 | ERROR | jsom fallback failed: Unexpected token Token('$END', '') at line 2, column 14.
Expected one of: 
	* RBRACE
	* COMMA

2025-09-16 03:41:50,966 | INFO | Attempting to repair JSON with json_repair as fallback.
2025-09-16 03:41:51,000 | INFO | json_repair successfully parsed the JSON.
2025-09-16 03:43:59,533 | INFO | Saved results to /home/yl3427/cylab/selfCorrectionAgent/runs/STAD_T14N03__kewrag__t__mistralai_Mixtral-8x7B-Instruct-v0.1__seed42__20250916_023634.csv
2025-09-16 03:43:59,533 | INFO | === RUN END === results=/home/yl3427/cylab/selfCorrectionAgent/runs/STAD_T14N03__kewrag__t__mistralai_Mixtral-8x7B-Instruct-v0.1__seed42__20250916_023634.csv
