2025-09-08 04:31:51,669 | INFO | Logging initialized. Level=INFO, File=/home/yl3427/cylab/selfCorrectionAgent/runs2/BLCA_T14N03__kewltm__n__mistralai_Mixtral-8x7B-Instruct-v0.1__seed42__20250908_043151.log
2025-09-08 04:31:51,669 | INFO | === RUN START === method=kewltm task=n dataset=/home/yl3427/cylab/selfCorrectionAgent/per_cancer_type/BLCA_T14N03.csv model=mistralai/Mixtral-8x7B-Instruct-v0.1
2025-09-08 04:31:51,705 | INFO | Filtered dataset: Removed 1 rows with missing 'N03' labels.
2025-09-08 04:31:51,705 | INFO | [KEwLTM] Dynamic train_size=5 (fraction=0.100)
2025-09-08 04:31:51,730 | INFO | [KEwLTM] Inducing memory from 5 reports (threshold=80)...
2025-09-08 04:41:58,318 | ERROR | Standard json.loads failed: Expecting ',' delimiter: line 5 column 32420 (char 32437)
2025-09-08 04:41:58,319 | INFO | Attempting to parse with demjson3 as fallback.
2025-09-08 04:41:58,390 | ERROR | demjson3 fallback failed: Object literal (dictionary) is not terminated
2025-09-08 04:41:58,390 | INFO | Attempting to parse with json5 as fallback.
2025-09-08 04:41:59,073 | ERROR | json5 fallback failed: <string>:5 Unexpected end of input at column 32420
2025-09-08 04:41:59,073 | INFO | Attempting to parse with dirtyjson as fallback.
2025-09-08 04:41:59,073 | ERROR | dirtyjson fallback failed: Expecting ',' delimiter or '}': line 5 column 32420 (char 32437)
2025-09-08 04:41:59,073 | INFO | Attempting to parse with jsom as fallback.
2025-09-08 04:41:59,091 | ERROR | jsom fallback failed: Unexpected token Token('$END', '') at line 5, column 1.
Expected one of: 
	* RBRACE
	* COMMA

2025-09-08 04:41:59,091 | INFO | Attempting to repair JSON with json_repair as fallback.
2025-09-08 04:41:59,128 | INFO | json_repair successfully parsed the JSON.
2025-09-08 04:51:58,334 | ERROR | Standard json.loads failed: Expecting ',' delimiter: line 29991 column 1 (char 32687)
2025-09-08 04:51:58,334 | INFO | Attempting to parse with demjson3 as fallback.
2025-09-08 04:51:58,371 | ERROR | demjson3 fallback failed: Object literal (dictionary) is not terminated
2025-09-08 04:51:58,371 | INFO | Attempting to parse with json5 as fallback.
2025-09-08 04:51:58,667 | ERROR | json5 fallback failed: <string>:29991 Unexpected end of input at column 1
2025-09-08 04:51:58,667 | INFO | Attempting to parse with dirtyjson as fallback.
2025-09-08 04:51:58,668 | ERROR | dirtyjson fallback failed: Expecting ',' delimiter or '}': line 29991 column 1 (char 32687)
2025-09-08 04:51:58,668 | INFO | Attempting to parse with jsom as fallback.
2025-09-08 04:51:58,795 | ERROR | jsom fallback failed: Unexpected token Token('$END', '') at line 8, column 1.
Expected one of: 
	* RBRACE
	* COMMA

2025-09-08 04:51:58,795 | INFO | Attempting to repair JSON with json_repair as fallback.
2025-09-08 04:51:58,801 | INFO | json_repair successfully parsed the JSON.
2025-09-08 04:52:14,182 | INFO | [KEwLTM] Final memory length: 2
2025-09-08 04:52:14,183 | INFO | [KEwLTM] Macro P=0.250 R=0.250 F1=0.250
2025-09-08 04:52:14,185 | INFO | Saved results to /home/yl3427/cylab/selfCorrectionAgent/runs2/BLCA_T14N03__kewltm__n__mistralai_Mixtral-8x7B-Instruct-v0.1__seed42__20250908_043151.csv
2025-09-08 04:52:14,185 | INFO | === RUN END === results=/home/yl3427/cylab/selfCorrectionAgent/runs2/BLCA_T14N03__kewltm__n__mistralai_Mixtral-8x7B-Instruct-v0.1__seed42__20250908_043151.csv
