2025-09-08 05:33:24,035 | INFO | Logging initialized. Level=INFO, File=/home/yl3427/cylab/selfCorrectionAgent/runs2/ESCA_T14N03__kewltm__t__mistralai_Mixtral-8x7B-Instruct-v0.1__seed42__20250908_053324.log
2025-09-08 05:33:24,035 | INFO | === RUN START === method=kewltm task=t dataset=/home/yl3427/cylab/selfCorrectionAgent/per_cancer_type/ESCA_T14N03.csv model=mistralai/Mixtral-8x7B-Instruct-v0.1
2025-09-08 05:33:24,047 | INFO | [KEwLTM] Dynamic train_size=5 (fraction=0.100)
2025-09-08 05:33:24,074 | INFO | [KEwLTM] Inducing memory from 5 reports (threshold=80)...
2025-09-08 05:43:32,609 | ERROR | Standard json.loads failed: Expecting value: line 30049 column 1 (char 32408)
2025-09-08 05:43:32,609 | INFO | Attempting to parse with demjson3 as fallback.
2025-09-08 05:43:32,683 | ERROR | demjson3 fallback failed: Unexpected end of input
2025-09-08 05:43:32,683 | INFO | Attempting to parse with json5 as fallback.
2025-09-08 05:43:32,831 | ERROR | json5 fallback failed: <string>:30049 Unexpected end of input at column 1
2025-09-08 05:43:32,831 | INFO | Attempting to parse with dirtyjson as fallback.
2025-09-08 05:43:32,832 | ERROR | dirtyjson fallback failed: Expecting value: line 30049 column 1 (char 32408)
2025-09-08 05:43:32,832 | INFO | Attempting to parse with jsom as fallback.
2025-09-08 05:43:32,859 | INFO | Attempting to repair JSON with json_repair as fallback.
2025-09-08 05:43:32,883 | INFO | json_repair successfully parsed the JSON.
2025-09-08 05:53:31,298 | ERROR | Standard json.loads failed: Expecting value: line 30013 column 1 (char 32421)
2025-09-08 05:53:31,299 | INFO | Attempting to parse with demjson3 as fallback.
2025-09-08 05:53:31,334 | ERROR | demjson3 fallback failed: Unexpected end of input
2025-09-08 05:53:31,334 | INFO | Attempting to parse with json5 as fallback.
2025-09-08 05:53:31,482 | ERROR | json5 fallback failed: <string>:30013 Unexpected end of input at column 1
2025-09-08 05:53:31,482 | INFO | Attempting to parse with dirtyjson as fallback.
2025-09-08 05:53:31,482 | ERROR | dirtyjson fallback failed: Expecting value: line 30013 column 1 (char 32421)
2025-09-08 05:53:31,482 | INFO | Attempting to parse with jsom as fallback.
2025-09-08 05:53:31,504 | INFO | Attempting to repair JSON with json_repair as fallback.
2025-09-08 05:53:31,527 | INFO | json_repair successfully parsed the JSON.
2025-09-08 06:03:29,938 | ERROR | Standard json.loads failed: Expecting value: line 30085 column 1 (char 32408)
2025-09-08 06:03:29,938 | INFO | Attempting to parse with demjson3 as fallback.
2025-09-08 06:03:29,974 | ERROR | demjson3 fallback failed: Unexpected end of input
2025-09-08 06:03:29,974 | INFO | Attempting to parse with json5 as fallback.
2025-09-08 06:03:30,122 | ERROR | json5 fallback failed: <string>:30085 Unexpected end of input at column 1
2025-09-08 06:03:30,122 | INFO | Attempting to parse with dirtyjson as fallback.
2025-09-08 06:03:30,122 | ERROR | dirtyjson fallback failed: Expecting value: line 30085 column 1 (char 32408)
2025-09-08 06:03:30,122 | INFO | Attempting to parse with jsom as fallback.
2025-09-08 06:03:30,145 | INFO | Attempting to repair JSON with json_repair as fallback.
2025-09-08 06:03:30,168 | INFO | json_repair successfully parsed the JSON.
2025-09-08 06:03:55,560 | INFO | [KEwLTM] Final memory length: 4
2025-09-08 06:03:55,561 | INFO | [KEwLTM] Macro P=0.150 R=0.250 F1=0.187
2025-09-08 06:03:55,564 | INFO | Saved results to /home/yl3427/cylab/selfCorrectionAgent/runs2/ESCA_T14N03__kewltm__t__mistralai_Mixtral-8x7B-Instruct-v0.1__seed42__20250908_053324.csv
2025-09-08 06:03:55,564 | INFO | === RUN END === results=/home/yl3427/cylab/selfCorrectionAgent/runs2/ESCA_T14N03__kewltm__t__mistralai_Mixtral-8x7B-Instruct-v0.1__seed42__20250908_053324.csv
