2025-09-08 07:24:48,557 | INFO | Logging initialized. Level=INFO, File=/home/yl3427/cylab/selfCorrectionAgent/runs2/HNSC_T14N03__kewrag__n__mistralai_Mixtral-8x7B-Instruct-v0.1__seed42__20250908_072448.log
2025-09-08 07:24:48,557 | INFO | === RUN START === method=kewrag task=n dataset=/home/yl3427/cylab/selfCorrectionAgent/per_cancer_type/HNSC_T14N03.csv model=mistralai/Mixtral-8x7B-Instruct-v0.1
2025-09-08 07:24:48,610 | INFO | Filtered dataset: Removed 1 rows with missing 'N03' labels.
2025-09-08 07:24:48,627 | INFO | [KEwRAG] Generating rules from RAG excerpt...
2025-09-08 07:35:08,936 | ERROR | Standard json.loads failed: Expecting ',' delimiter: line 2 column 30130 (char 30230)
2025-09-08 07:35:08,936 | INFO | Attempting to parse with demjson3 as fallback.
2025-09-08 07:35:09,002 | ERROR | demjson3 fallback failed: Object literal (dictionary) is not terminated
2025-09-08 07:35:09,002 | INFO | Attempting to parse with json5 as fallback.
2025-09-08 07:35:09,633 | ERROR | json5 fallback failed: <string>:2 Unexpected end of input at column 30130
2025-09-08 07:35:09,633 | INFO | Attempting to parse with dirtyjson as fallback.
2025-09-08 07:35:09,633 | ERROR | dirtyjson fallback failed: Expecting ',' delimiter or '}': line 2 column 30130 (char 30230)
2025-09-08 07:35:09,633 | INFO | Attempting to parse with jsom as fallback.
2025-09-08 07:35:09,654 | ERROR | jsom fallback failed: Unexpected token Token('$END', '') at line 1, column 15.
Expected one of: 
	* RBRACE
	* COMMA

2025-09-08 07:35:09,654 | INFO | Attempting to repair JSON with json_repair as fallback.
2025-09-08 07:35:09,689 | INFO | json_repair successfully parsed the JSON.
2025-09-08 07:35:19,971 | INFO | Saved results to /home/yl3427/cylab/selfCorrectionAgent/runs2/HNSC_T14N03__kewrag__n__mistralai_Mixtral-8x7B-Instruct-v0.1__seed42__20250908_072448.csv
2025-09-08 07:35:19,971 | INFO | === RUN END === results=/home/yl3427/cylab/selfCorrectionAgent/runs2/HNSC_T14N03__kewrag__n__mistralai_Mixtral-8x7B-Instruct-v0.1__seed42__20250908_072448.csv
