2025-09-08 09:02:31,946 | INFO | Logging initialized. Level=INFO, File=/home/yl3427/cylab/selfCorrectionAgent/runs2/MESO_T14N03__kewrag__t__mistralai_Mixtral-8x7B-Instruct-v0.1__seed42__20250908_090231.log
2025-09-08 09:02:31,946 | INFO | === RUN START === method=kewrag task=t dataset=/home/yl3427/cylab/selfCorrectionAgent/per_cancer_type/MESO_T14N03.csv model=mistralai/Mixtral-8x7B-Instruct-v0.1
2025-09-08 09:02:31,955 | INFO | Filtered dataset: Removed 1 rows with missing 'T14' labels.
2025-09-08 09:02:31,979 | INFO | [KEwRAG] Generating rules from RAG excerpt...
2025-09-08 09:12:26,039 | ERROR | Standard json.loads failed: Expecting ',' delimiter: line 3 column 30380 (char 30482)
2025-09-08 09:12:26,039 | INFO | Attempting to parse with demjson3 as fallback.
2025-09-08 09:12:26,106 | ERROR | demjson3 fallback failed: Object literal (dictionary) is not terminated
2025-09-08 09:12:26,106 | INFO | Attempting to parse with json5 as fallback.
2025-09-08 09:12:26,749 | ERROR | json5 fallback failed: <string>:3 Unexpected end of input at column 30380
2025-09-08 09:12:26,749 | INFO | Attempting to parse with dirtyjson as fallback.
2025-09-08 09:12:26,749 | ERROR | dirtyjson fallback failed: Expecting ',' delimiter or '}': line 3 column 30380 (char 30482)
2025-09-08 09:12:26,749 | INFO | Attempting to parse with jsom as fallback.
2025-09-08 09:12:26,767 | ERROR | jsom fallback failed: Unexpected token Token('$END', '') at line 2, column 14.
Expected one of: 
	* RBRACE
	* COMMA

2025-09-08 09:12:26,767 | INFO | Attempting to repair JSON with json_repair as fallback.
2025-09-08 09:12:26,802 | INFO | json_repair successfully parsed the JSON.
2025-09-08 09:12:32,615 | INFO | Saved results to /home/yl3427/cylab/selfCorrectionAgent/runs2/MESO_T14N03__kewrag__t__mistralai_Mixtral-8x7B-Instruct-v0.1__seed42__20250908_090231.csv
2025-09-08 09:12:32,615 | INFO | === RUN END === results=/home/yl3427/cylab/selfCorrectionAgent/runs2/MESO_T14N03__kewrag__t__mistralai_Mixtral-8x7B-Instruct-v0.1__seed42__20250908_090231.csv
