2025-09-08 10:01:11,216 | INFO | Logging initialized. Level=INFO, File=/home/yl3427/cylab/selfCorrectionAgent/runs2/READ_T14N03__kewrag__t__mistralai_Mixtral-8x7B-Instruct-v0.1__seed42__20250908_100111.log
2025-09-08 10:01:11,217 | INFO | === RUN START === method=kewrag task=t dataset=/home/yl3427/cylab/selfCorrectionAgent/per_cancer_type/READ_T14N03.csv model=mistralai/Mixtral-8x7B-Instruct-v0.1
2025-09-08 10:01:11,249 | INFO | [KEwRAG] Generating rules from RAG excerpt...
2025-09-08 10:11:08,353 | ERROR | Standard json.loads failed: Expecting ',' delimiter: line 3 column 31021 (char 31118)
2025-09-08 10:11:08,353 | INFO | Attempting to parse with demjson3 as fallback.
2025-09-08 10:11:08,422 | ERROR | demjson3 fallback failed: Object literal (dictionary) is not terminated
2025-09-08 10:11:08,422 | INFO | Attempting to parse with json5 as fallback.
2025-09-08 10:11:08,798 | ERROR | json5 fallback failed: <string>:3 Unexpected end of input at column 31021
2025-09-08 10:11:08,798 | INFO | Attempting to parse with dirtyjson as fallback.
2025-09-08 10:11:08,799 | ERROR | dirtyjson fallback failed: Expecting ',' delimiter or '}': line 3 column 31021 (char 31118)
2025-09-08 10:11:08,799 | INFO | Attempting to parse with jsom as fallback.
2025-09-08 10:11:08,817 | ERROR | jsom fallback failed: Unexpected token Token('$END', '') at line 2, column 14.
Expected one of: 
	* RBRACE
	* COMMA

2025-09-08 10:11:08,818 | INFO | Attempting to repair JSON with json_repair as fallback.
2025-09-08 10:11:08,853 | INFO | json_repair successfully parsed the JSON.
2025-09-08 10:20:43,050 | ERROR | Standard json.loads failed: Expecting ',' delimiter: line 15437 column 1 (char 185306)
2025-09-08 10:20:43,050 | INFO | Attempting to parse with demjson3 as fallback.
2025-09-08 10:20:43,241 | ERROR | demjson3 fallback failed: Object literal (dictionary) is not terminated
2025-09-08 10:20:43,241 | INFO | Attempting to parse with json5 as fallback.
2025-09-08 10:20:43,823 | ERROR | json5 fallback failed: <string>:15437 Unexpected end of input at column 1
2025-09-08 10:20:43,823 | INFO | Attempting to parse with dirtyjson as fallback.
2025-09-08 10:20:43,824 | ERROR | dirtyjson fallback failed: Expecting ',' delimiter or '}': line 15437 column 1 (char 185306)
2025-09-08 10:20:43,824 | INFO | Attempting to parse with jsom as fallback.
2025-09-08 10:20:43,943 | ERROR | jsom fallback failed: Unexpected token Token('$END', '') at line 2, column 14.
Expected one of: 
	* RBRACE
	* COMMA

2025-09-08 10:20:43,944 | INFO | Attempting to repair JSON with json_repair as fallback.
2025-09-08 10:20:44,152 | INFO | json_repair successfully parsed the JSON.
2025-09-08 10:30:39,578 | ERROR | Standard json.loads failed: Expecting ',' delimiter: line 3 column 30751 (char 30848)
2025-09-08 10:30:39,578 | INFO | Attempting to parse with demjson3 as fallback.
2025-09-08 10:30:39,646 | ERROR | demjson3 fallback failed: Object literal (dictionary) is not terminated
2025-09-08 10:30:39,646 | INFO | Attempting to parse with json5 as fallback.
2025-09-08 10:30:40,295 | ERROR | json5 fallback failed: <string>:3 Unexpected end of input at column 30751
2025-09-08 10:30:40,295 | INFO | Attempting to parse with dirtyjson as fallback.
2025-09-08 10:30:40,295 | ERROR | dirtyjson fallback failed: Expecting ',' delimiter or '}': line 3 column 30751 (char 30848)
2025-09-08 10:30:40,295 | INFO | Attempting to parse with jsom as fallback.
2025-09-08 10:30:40,313 | ERROR | jsom fallback failed: Unexpected token Token('$END', '') at line 2, column 14.
Expected one of: 
	* RBRACE
	* COMMA

2025-09-08 10:30:40,313 | INFO | Attempting to repair JSON with json_repair as fallback.
2025-09-08 10:30:40,348 | INFO | json_repair successfully parsed the JSON.
2025-09-08 10:30:40,350 | INFO | Saved results to /home/yl3427/cylab/selfCorrectionAgent/runs2/READ_T14N03__kewrag__t__mistralai_Mixtral-8x7B-Instruct-v0.1__seed42__20250908_100111.csv
2025-09-08 10:30:40,350 | INFO | === RUN END === results=/home/yl3427/cylab/selfCorrectionAgent/runs2/READ_T14N03__kewrag__t__mistralai_Mixtral-8x7B-Instruct-v0.1__seed42__20250908_100111.csv
