2025-09-08 11:27:14,359 | INFO | Logging initialized. Level=INFO, File=/home/yl3427/cylab/selfCorrectionAgent/runs2/TGCT_T14N03__kewrag__t__mistralai_Mixtral-8x7B-Instruct-v0.1__seed42__20250908_112714.log
2025-09-08 11:27:14,359 | INFO | === RUN START === method=kewrag task=t dataset=/home/yl3427/cylab/selfCorrectionAgent/per_cancer_type/TGCT_T14N03.csv model=mistralai/Mixtral-8x7B-Instruct-v0.1
2025-09-08 11:27:14,388 | INFO | [KEwRAG] Generating rules from RAG excerpt...
2025-09-08 11:37:43,801 | ERROR | Standard json.loads failed: Expecting ',' delimiter: line 21144 column 2 (char 32415)
2025-09-08 11:37:43,801 | INFO | Attempting to parse with demjson3 as fallback.
2025-09-08 11:37:43,873 | ERROR | demjson3 fallback failed: Object literal (dictionary) is not terminated
2025-09-08 11:37:43,873 | INFO | Attempting to parse with json5 as fallback.
2025-09-08 11:37:44,106 | ERROR | json5 fallback failed: <string>:21144 Unexpected end of input at column 2
2025-09-08 11:37:44,106 | INFO | Attempting to parse with dirtyjson as fallback.
2025-09-08 11:37:44,107 | ERROR | dirtyjson fallback failed: Expecting ',' delimiter or '}': line 21144 column 2 (char 32415)
2025-09-08 11:37:44,107 | INFO | Attempting to parse with jsom as fallback.
2025-09-08 11:37:44,127 | ERROR | jsom fallback failed: Unexpected token Token('$END', '') at line 2, column 14.
Expected one of: 
	* RBRACE
	* COMMA

2025-09-08 11:37:44,127 | INFO | Attempting to repair JSON with json_repair as fallback.
2025-09-08 11:37:44,167 | INFO | json_repair successfully parsed the JSON.
2025-09-08 11:47:46,907 | ERROR | Standard json.loads failed: Expecting ',' delimiter: line 21154 column 2 (char 32413)
2025-09-08 11:47:46,907 | INFO | Attempting to parse with demjson3 as fallback.
2025-09-08 11:47:46,971 | ERROR | demjson3 fallback failed: Object literal (dictionary) is not terminated
2025-09-08 11:47:46,971 | INFO | Attempting to parse with json5 as fallback.
2025-09-08 11:47:47,206 | ERROR | json5 fallback failed: <string>:21154 Unexpected end of input at column 2
2025-09-08 11:47:47,206 | INFO | Attempting to parse with dirtyjson as fallback.
2025-09-08 11:47:47,206 | ERROR | dirtyjson fallback failed: Expecting ',' delimiter or '}': line 21154 column 2 (char 32413)
2025-09-08 11:47:47,206 | INFO | Attempting to parse with jsom as fallback.
2025-09-08 11:47:47,224 | ERROR | jsom fallback failed: Unexpected token Token('$END', '') at line 2, column 14.
Expected one of: 
	* RBRACE
	* COMMA

2025-09-08 11:47:47,224 | INFO | Attempting to repair JSON with json_repair as fallback.
2025-09-08 11:47:47,264 | INFO | json_repair successfully parsed the JSON.
2025-09-08 11:57:45,290 | ERROR | Standard json.loads failed: Expecting ',' delimiter: line 21188 column 2 (char 32407)
2025-09-08 11:57:45,291 | INFO | Attempting to parse with demjson3 as fallback.
2025-09-08 11:57:45,326 | ERROR | demjson3 fallback failed: Object literal (dictionary) is not terminated
2025-09-08 11:57:45,326 | INFO | Attempting to parse with json5 as fallback.
2025-09-08 11:57:45,559 | ERROR | json5 fallback failed: <string>:21188 Unexpected end of input at column 2
2025-09-08 11:57:45,559 | INFO | Attempting to parse with dirtyjson as fallback.
2025-09-08 11:57:45,560 | ERROR | dirtyjson fallback failed: Expecting ',' delimiter or '}': line 21188 column 2 (char 32407)
2025-09-08 11:57:45,560 | INFO | Attempting to parse with jsom as fallback.
2025-09-08 11:57:45,578 | ERROR | jsom fallback failed: Unexpected token Token('$END', '') at line 2, column 14.
Expected one of: 
	* RBRACE
	* COMMA

2025-09-08 11:57:45,578 | INFO | Attempting to repair JSON with json_repair as fallback.
2025-09-08 11:57:45,618 | INFO | json_repair successfully parsed the JSON.
2025-09-08 11:57:45,620 | INFO | Saved results to /home/yl3427/cylab/selfCorrectionAgent/runs2/TGCT_T14N03__kewrag__t__mistralai_Mixtral-8x7B-Instruct-v0.1__seed42__20250908_112714.csv
2025-09-08 11:57:45,620 | INFO | === RUN END === results=/home/yl3427/cylab/selfCorrectionAgent/runs2/TGCT_T14N03__kewrag__t__mistralai_Mixtral-8x7B-Instruct-v0.1__seed42__20250908_112714.csv
